{
  "version": "1.5.0",
  "plugins_used": [
    {
      "name": "ArtifactoryDetector"
    },
    {
      "name": "AWSKeyDetector"
    },
    {
      "name": "AzureStorageKeyDetector"
    },
    {
      "name": "Base64HighEntropyString",
      "limit": 4.5
    },
    {
      "name": "BasicAuthDetector"
    },
    {
      "name": "CloudantDetector"
    },
    {
      "name": "DiscordBotTokenDetector"
    },
    {
      "name": "GitHubTokenDetector"
    },
    {
      "name": "GitLabTokenDetector"
    },
    {
      "name": "HexHighEntropyString",
      "limit": 3.0
    },
    {
      "name": "IbmCloudIamDetector"
    },
    {
      "name": "IbmCosHmacDetector"
    },
    {
      "name": "IPPublicDetector"
    },
    {
      "name": "JwtTokenDetector"
    },
    {
      "name": "KeywordDetector",
      "keyword_exclude": ""
    },
    {
      "name": "MailchimpDetector"
    },
    {
      "name": "NpmDetector"
    },
    {
      "name": "OpenAIDetector"
    },
    {
      "name": "PrivateKeyDetector"
    },
    {
      "name": "PypiTokenDetector"
    },
    {
      "name": "SendGridDetector"
    },
    {
      "name": "SlackDetector"
    },
    {
      "name": "SoftlayerDetector"
    },
    {
      "name": "SquareOAuthDetector"
    },
    {
      "name": "StripeDetector"
    },
    {
      "name": "TelegramBotTokenDetector"
    },
    {
      "name": "TwilioKeyDetector"
    }
  ],
  "filters_used": [
    {
      "path": "detect_secrets.filters.allowlist.is_line_allowlisted"
    },
    {
      "path": "detect_secrets.filters.common.is_baseline_file",
      "filename": ".secrets.baseline"
    },
    {
      "path": "detect_secrets.filters.common.is_ignored_due_to_verification_policies",
      "min_level": 2
    },
    {
      "path": "detect_secrets.filters.heuristic.is_indirect_reference"
    },
    {
      "path": "detect_secrets.filters.heuristic.is_likely_id_string"
    },
    {
      "path": "detect_secrets.filters.heuristic.is_lock_file"
    },
    {
      "path": "detect_secrets.filters.heuristic.is_not_alphanumeric_string"
    },
    {
      "path": "detect_secrets.filters.heuristic.is_potential_uuid"
    },
    {
      "path": "detect_secrets.filters.heuristic.is_prefixed_with_dollar_sign"
    },
    {
      "path": "detect_secrets.filters.heuristic.is_sequential_string"
    },
    {
      "path": "detect_secrets.filters.heuristic.is_swagger_file"
    },
    {
      "path": "detect_secrets.filters.heuristic.is_templated_secret"
    }
  ],
  "results": {
    "tests/fixtures/js/pnpm_lock/bad/pnpm-lock.yaml": [
      {
        "type": "Base64 High Entropy String",
        "filename": "tests/fixtures/js/pnpm_lock/bad/pnpm-lock.yaml",
        "hashed_secret": "bbfca56c76660f64b536f4b034f7de949f8b373d",
        "is_verified": false,
        "line_number": 10
      }
    ],
    "tests/fixtures/js/pnpm_lock/good/pnpm-lock.yaml": [
      {
        "type": "Base64 High Entropy String",
        "filename": "tests/fixtures/js/pnpm_lock/good/pnpm-lock.yaml",
        "hashed_secret": "bbfca56c76660f64b536f4b034f7de949f8b373d",
        "is_verified": false,
        "line_number": 10
      },
      {
        "type": "Base64 High Entropy String",
        "filename": "tests/fixtures/js/pnpm_lock/good/pnpm-lock.yaml",
        "hashed_secret": "111796fca718f68755d120b1ea077bdfaec38692",
        "is_verified": false,
        "line_number": 15
      }
    ],
    "tests/test_checker_cargo_crossref.py": [
      {
        "type": "Hex High Entropy String",
        "filename": "tests/test_checker_cargo_crossref.py",
        "hashed_secret": "61be454384f246e23151dd6554b9e815ebc3cc49",
        "is_verified": false,
        "line_number": 26
      },
      {
        "type": "Hex High Entropy String",
        "filename": "tests/test_checker_cargo_crossref.py",
        "hashed_secret": "ad37d5f0bde73f6509c9b80760905ed27a8bcdd3",
        "is_verified": false,
        "line_number": 32
      }
    ]
  },
  "generated_at": "2026-08-27T23:07:03Z"
}
